###############################################################################
#
# IAR ELF Linker V7.20.2.7424/W32 for ARM                 07/Apr/2017  10:47:10
# Copyright 2007-2014 IAR Systems AB.
#
#    Output file  =  
#        E:\znc\project\K60FN\network_car_scale\Prj\IAR\FN15_Debug\Exe\vcan_Kinetis.out
#    Map file     =  
#        E:\znc\project\K60FN\network_car_scale\Prj\IAR\FN15_Debug\List\vcan_Kinetis.map
#    Command line =  
#        E:\znc\project\K60FN\network_car_scale\Prj\IAR\FN15_Debug\Obj\diskio.o
#        E:\znc\project\K60FN\network_car_scale\Prj\IAR\FN15_Debug\Obj\ff.o
#        E:\znc\project\K60FN\network_car_scale\Prj\IAR\FN15_Debug\Obj\flash.o
#        E:\znc\project\K60FN\network_car_scale\Prj\IAR\FN15_Debug\Obj\main.o
#        E:\znc\project\K60FN\network_car_scale\Prj\IAR\FN15_Debug\Obj\menu.o
#        E:\znc\project\K60FN\network_car_scale\Prj\IAR\FN15_Debug\Obj\misc.o
#        E:\znc\project\K60FN\network_car_scale\Prj\IAR\FN15_Debug\Obj\MK60_adc.o
#        E:\znc\project\K60FN\network_car_scale\Prj\IAR\FN15_Debug\Obj\MK60_can.o
#        E:\znc\project\K60FN\network_car_scale\Prj\IAR\FN15_Debug\Obj\MK60_conf.o
#        E:\znc\project\K60FN\network_car_scale\Prj\IAR\FN15_Debug\Obj\MK60_dac.o
#        E:\znc\project\K60FN\network_car_scale\Prj\IAR\FN15_Debug\Obj\MK60_dma.o
#        E:\znc\project\K60FN\network_car_scale\Prj\IAR\FN15_Debug\Obj\MK60_DWT.o
#        E:\znc\project\K60FN\network_car_scale\Prj\IAR\FN15_Debug\Obj\MK60_flash.o
#        E:\znc\project\K60FN\network_car_scale\Prj\IAR\FN15_Debug\Obj\MK60_flexbus.o
#        E:\znc\project\K60FN\network_car_scale\Prj\IAR\FN15_Debug\Obj\MK60_ftm.o
#        E:\znc\project\K60FN\network_car_scale\Prj\IAR\FN15_Debug\Obj\MK60_gpio.o
#        E:\znc\project\K60FN\network_car_scale\Prj\IAR\FN15_Debug\Obj\MK60_i2c.o
#        E:\znc\project\K60FN\network_car_scale\Prj\IAR\FN15_Debug\Obj\MK60_it.o
#        E:\znc\project\K60FN\network_car_scale\Prj\IAR\FN15_Debug\Obj\MK60_lptmr.o
#        E:\znc\project\K60FN\network_car_scale\Prj\IAR\FN15_Debug\Obj\MK60_mcg.o
#        E:\znc\project\K60FN\network_car_scale\Prj\IAR\FN15_Debug\Obj\MK60_PIT.o
#        E:\znc\project\K60FN\network_car_scale\Prj\IAR\FN15_Debug\Obj\MK60_port.o
#        E:\znc\project\K60FN\network_car_scale\Prj\IAR\FN15_Debug\Obj\MK60_rtc.o
#        E:\znc\project\K60FN\network_car_scale\Prj\IAR\FN15_Debug\Obj\MK60_sdhc.o
#        E:\znc\project\K60FN\network_car_scale\Prj\IAR\FN15_Debug\Obj\MK60_spi.o
#        E:\znc\project\K60FN\network_car_scale\Prj\IAR\FN15_Debug\Obj\MK60_SysTick.o
#        E:\znc\project\K60FN\network_car_scale\Prj\IAR\FN15_Debug\Obj\MK60_uart.o
#        E:\znc\project\K60FN\network_car_scale\Prj\IAR\FN15_Debug\Obj\MK60_usb.o
#        E:\znc\project\K60FN\network_car_scale\Prj\IAR\FN15_Debug\Obj\MK60_wdog.o
#        E:\znc\project\K60FN\network_car_scale\Prj\IAR\FN15_Debug\Obj\scan.o
#        E:\znc\project\K60FN\network_car_scale\Prj\IAR\FN15_Debug\Obj\startup_MK60DZ10.o
#        E:\znc\project\K60FN\network_car_scale\Prj\IAR\FN15_Debug\Obj\system_MK60DZ10.o
#        E:\znc\project\K60FN\network_car_scale\Prj\IAR\FN15_Debug\Obj\USB.o
#        E:\znc\project\K60FN\network_car_scale\Prj\IAR\FN15_Debug\Obj\USB_CDC.o
#        E:\znc\project\K60FN\network_car_scale\Prj\IAR\FN15_Debug\Obj\VCAN_ASCII.o
#        E:\znc\project\K60FN\network_car_scale\Prj\IAR\FN15_Debug\Obj\VCAN_BMP.o
#        E:\znc\project\K60FN\network_car_scale\Prj\IAR\FN15_Debug\Obj\VCAN_camera.o
#        E:\znc\project\K60FN\network_car_scale\Prj\IAR\FN15_Debug\Obj\VCAN_computer.o
#        E:\znc\project\K60FN\network_car_scale\Prj\IAR\FN15_Debug\Obj\vcan_img2sd.o
#        E:\znc\project\K60FN\network_car_scale\Prj\IAR\FN15_Debug\Obj\VCAN_key.o
#        E:\znc\project\K60FN\network_car_scale\Prj\IAR\FN15_Debug\Obj\VCAN_key_event.o
#        E:\znc\project\K60FN\network_car_scale\Prj\IAR\FN15_Debug\Obj\VCAN_LCD.o
#        E:\znc\project\K60FN\network_car_scale\Prj\IAR\FN15_Debug\Obj\VCAN_LCD_CH.o
#        E:\znc\project\K60FN\network_car_scale\Prj\IAR\FN15_Debug\Obj\VCAN_LCD_ILI9341.o
#        E:\znc\project\K60FN\network_car_scale\Prj\IAR\FN15_Debug\Obj\VCAN_LCD_ST7735R.o
#        E:\znc\project\K60FN\network_car_scale\Prj\IAR\FN15_Debug\Obj\VCAN_LCD_ST7735S.o
#        E:\znc\project\K60FN\network_car_scale\Prj\IAR\FN15_Debug\Obj\VCAN_LED.o
#        E:\znc\project\K60FN\network_car_scale\Prj\IAR\FN15_Debug\Obj\VCAN_MMA7455.o
#        E:\znc\project\K60FN\network_car_scale\Prj\IAR\FN15_Debug\Obj\VCAN_NRF24L0.o
#        E:\znc\project\K60FN\network_car_scale\Prj\IAR\FN15_Debug\Obj\VCAN_NRF24L0_MSG.o
#        E:\znc\project\K60FN\network_car_scale\Prj\IAR\FN15_Debug\Obj\VCAN_OV7725_Eagle.o
#        E:\znc\project\K60FN\network_car_scale\Prj\IAR\FN15_Debug\Obj\VCAN_OV7725_Wolf.o
#        E:\znc\project\K60FN\network_car_scale\Prj\IAR\FN15_Debug\Obj\VCAN_RTC_count.o
#        E:\znc\project\K60FN\network_car_scale\Prj\IAR\FN15_Debug\Obj\VCAN_SCCB.o
#        E:\znc\project\K60FN\network_car_scale\Prj\IAR\FN15_Debug\Obj\vcan_sd_app.o
#        E:\znc\project\K60FN\network_car_scale\Prj\IAR\FN15_Debug\Obj\Vcan_touch.o
#        E:\znc\project\K60FN\network_car_scale\Prj\IAR\FN15_Debug\Obj\VCAN_TSL1401.o
#        E:\znc\project\K60FN\network_car_scale\Prj\IAR\FN15_Debug\Obj\VCAN_UI_VAR.o
#        E:\znc\project\K60FN\network_car_scale\Prj\IAR\FN15_Debug\Obj\vectors.o
#        E:\znc\project\K60FN\network_car_scale\Prj\IAR\FN15_Debug\Obj\xb_control.o
#        E:\znc\project\K60FN\network_car_scale\Prj\IAR\FN15_Debug\Obj\xb_init.o
#        --redirect _Printf=_PrintfLargeNoMb --redirect _Scanf=_ScanfLargeNoMb
#        -o
#        E:\znc\project\K60FN\network_car_scale\Prj\IAR\FN15_Debug\Exe\vcan_Kinetis.out
#        --map
#        E:\znc\project\K60FN\network_car_scale\Prj\IAR\FN15_Debug\List\vcan_Kinetis.map
#        --config "E:\znc\project\K60FN\network_car_scale\Prj\IAR\config
#        files\vcan_ROM_K60N1M.icf"
#        E:\znc\project\K60FN\network_car_scale\Prj\IAR\..\..\Lib\CMSIS\iar_cortexM4l_math.a
#        --entry __iar_program_start --redirect __write=__write_buffered --vfe
#
###############################################################################

*******************************************************************************
*** RUNTIME MODEL ATTRIBUTES
***

CppFlavor       = *
__SystemLibrary = DLib


*******************************************************************************
*** PLACEMENT SUMMARY
***

"A1":  place at 0x00000000 { ro section .intvec };
"A2":  place at 0x00000410 { ro section .noinit };
"P1":  place in [from 0x00000000 to 0x00100000] { ro, block CodeRelocate };
"P2":  place in [from 0x1fff0410 to 0x20010000] {
          rw, block CodeRelocateRam, block CSTACK, block HEAP };

  Section              Kind        Address    Size  Object
  -------              ----        -------    ----  ------
"A1":                                        0x410
  .intvec              const    0x00000000   0x410  vectors.o [1]
                              - 0x00000410   0x410

"P1", part 1 of 2:                             0x0
  .rodata              const    0x00000410     0x0  zero_init3.o [5]

"A2":                                          0x8
  .noinit              ro code  0x00000410     0x8  startup_MK60DZ10.o [1]
                              - 0x00000418     0x8

"P1", part 2 of 2:                          0x3bc0
  .text                ro code  0x00000418   0xbee  xprintflarge_nomb.o [3]
  .text                ro code  0x00001006    0x22  zero_init3.o [5]
  .text                ro code  0x00001028    0x16  strchr.o [5]
  .text                ro code  0x00001040    0x36  strlen.o [5]
  .text                ro code  0x00001078    0x58  memchr.o [5]
  .text                ro code  0x000010d0    0xee  I64DivMod.o [5]
  .text                ro code  0x000011c0    0x76  ABImemcpy_unaligned.o [5]
  .text                ro code  0x00001236    0x42  xdnorm.o [4]
  .text                ro code  0x00001278    0x2e  DblCmpLe.o [4]
  .text                ro code  0x000012a8   0x1a2  DblMul.o [4]
  .text                ro code  0x0000144c   0x246  DblDiv.o [4]
  .text                ro code  0x00001694    0x2c  DblToI32.o [4]
  .text                ro code  0x000016c0    0x30  I32ToDbl.o [4]
  .text                ro code  0x000016f0   0x180  DblSub.o [4]
  .text                ro code  0x00001870    0x6c  localeconv.o [3]
  .text                ro code  0x000018dc     0xe  div.o [3]
  .text                ro code  0x000018ec     0x2  I64DivZer.o [5]
  .text                ro code  0x000018f0    0xe8  DblAdd.o [4]
  .text                ro code  0x000019d8     0x2  xtls.o [3]
  .data_init                    0x000019dc   0x808  <Block>
    Initializer bytes  ro data  0x000019dc   0x808  <for .data-1>
  .text                ro code  0x000021e4   0x5f4  MK60_ftm.o [1]
  .text                ro code  0x000027d8    0xb0  MK60_port.o [1]
  Veneer               ro code  0x00002888     0x8  - Linker created -
  Veneer               ro code  0x00002890     0x8  - Linker created -
  .text                ro code  0x00002898   0x140  MK60_conf.o [1]
  .text                ro code  0x000029d8    0x70  VCAN_LED.o [1]
  .text                ro code  0x00002a48    0x24  printf.o [3]
  .text                ro code  0x00002a6c    0x64  MK60_SysTick.o [1]
  .text                ro code  0x00002ad0   0x2c4  MK60_uart.o [1]
  .text                ro code  0x00002d94    0x9c  VCAN_key.o [1]
  .text                ro code  0x00002e30   0x128  MK60_gpio.o [1]
  Veneer               ro code  0x00002f58     0x8  - Linker created -
  .text                ro code  0x00002f60   0x3d4  MK60_mcg.o [1]
  .text                ro code  0x00003334   0x368  xb_control.o [1]
  .text                ro code  0x0000369c    0x90  DblToFlt.o [4]
  CodeRelocate                  0x0000372c   0x1f0  <Block>
    Initializer bytes  ro data  0x0000372c   0x1f0  <for CodeRelocateRam-1>
  .text                ro code  0x0000391c   0x140  system_MK60DZ10.o [1]
  .text                ro code  0x00003a5c    0x40  MK60_wdog.o [1]
  .text                ro code  0x00003a9c    0x30  main.o [1]
  .text                ro code  0x00003acc    0x50  misc.o [1]
  .text                ro code  0x00003b1c    0xdc  xb_init.o [1]
  .text                ro code  0x00003bf8    0x7c  MK60_PIT.o [1]
  .rodata              const    0x00003c74    0x3c  MK60_conf.o [1]
  .rodata              const    0x00003cb0    0x3c  MK60_SysTick.o [1]
  .rodata              const    0x00003cec    0x38  MK60_flash.o [1]
  .rodata              const    0x00003d24    0x38  MK60_ftm.o [1]
  .rodata              const    0x00003d5c    0x38  MK60_gpio.o [1]
  .rodata              const    0x00003d94    0x38  MK60_PIT.o [1]
  .rodata              const    0x00003dcc    0x38  MK60_uart.o [1]
  .rodata              const    0x00003e04    0x34  misc.o [1]
  .text                ro code  0x00003e38    0x28  data_init.o [5]
  .rodata              const    0x00003e60    0x24  MK60_conf.o [1]
  .iar.init_table      const    0x00003e84    0x10  - Linker created -
  .rodata              const    0x00003e94    0x20  MK60_conf.o [1]
  .text                ro code  0x00003eb4    0x1a  fpinit_M.o [4]
  .text                ro code  0x00003ed0    0x1a  cmain.o [5]
  .text                ro code  0x00003eea     0x4  low_level_init.o [3]
  .text                ro code  0x00003eee     0x4  exit.o [3]
  .text                ro code  0x00003ef4     0xa  cexit.o [5]
  .text                ro code  0x00003f00     0xc  XXexit.o [5]
  .text                ro code  0x00003f0c    0x16  xprout.o [3]
  .text                ro code  0x00003f24     0xc  putchar.o [3]
  .rodata              const    0x00003f30    0x14  MK60_conf.o [1]
  .text                ro code  0x00003f44     0xc  cstartup_M.o [5]
  Initializer bytes    ro data  0x00003f50    0x88  <for P2 s0>
                              - 0x00003fd8  0x3bc0

"P2":                                        0xb30
  .data                         0x1fff0410   0x808  <Block>
    .data-1                     0x1fff0410   0x808  <Init block>
      .data            inited   0x1fff0410     0x1  main.o [1]
      .data            inited   0x1fff0414   0x708  MK60_conf.o [1]
      .data            inited   0x1fff0b1c    0x10  MK60_ftm.o [1]
      .data            inited   0x1fff0b2c    0x14  MK60_gpio.o [1]
      .data            inited   0x1fff0b40    0x58  MK60_mcg.o [1]
      .data            inited   0x1fff0b98     0x4  MK60_mcg.o [1]
      .data            inited   0x1fff0b9c    0x14  MK60_port.o [1]
      .data            inited   0x1fff0bb0    0x18  MK60_uart.o [1]
      .data            inited   0x1fff0bc8     0x8  VCAN_key.o [1]
      .data            inited   0x1fff0bd0     0x4  VCAN_LED.o [1]
      .data            inited   0x1fff0bd4     0x4  xb_control.o [1]
      .data            inited   0x1fff0bd8    0x40  xfiles.o [3]
  CodeRelocateRam               0x1fff0c18   0x1f0  <Block>
    CodeRelocateRam-1           0x1fff0c18   0x1f0  <Init block>
      Veneer           inited   0x1fff0c18     0x8  - Linker created -
      Veneer           inited   0x1fff0c20     0x8  - Linker created -
      .textrw          inited   0x1fff0c28   0x190  MK60_flash.o [1]
      .textrw          inited   0x1fff0db8    0x50  MK60_mcg.o [1]
  .bss                          0x1fff0e08    0xae  <Block>
    .bss               zero     0x1fff0e08    0x10  MK60_ftm.o [1]
    .bss               zero     0x1fff0e18     0x4  system_MK60DZ10.o [1]
    .bss               zero     0x1fff0e1c     0x4  system_MK60DZ10.o [1]
    .bss               zero     0x1fff0e20     0x4  system_MK60DZ10.o [1]
    .bss               zero     0x1fff0e24     0x4  xb_control.o [1]
    .bss               zero     0x1fff0e28     0x4  xb_control.o [1]
    .bss               zero     0x1fff0e2c     0x4  xb_control.o [1]
    .bss               zero     0x1fff0e30     0x4  xb_control.o [1]
    .bss               zero     0x1fff0e34     0x4  xb_control.o [1]
    .bss               zero     0x1fff0e38     0x4  xb_control.o [1]
    .bss               zero     0x1fff0e3c     0x4  xb_control.o [1]
    .bss               zero     0x1fff0e40     0x4  xb_control.o [1]
    .bss               zero     0x1fff0e44     0x4  xb_control.o [1]
    .bss               zero     0x1fff0e48     0x4  xb_control.o [1]
    .bss               zero     0x1fff0e4c     0x4  xb_control.o [1]
    .bss               zero     0x1fff0e50     0x4  xb_control.o [1]
    .bss               zero     0x1fff0e54     0x4  xb_control.o [1]
    .bss               zero     0x1fff0e58     0x4  xb_control.o [1]
    .bss               zero     0x1fff0e5c     0x4  xb_control.o [1]
    .bss               zero     0x1fff0e60     0x4  xb_control.o [1]
    .bss               zero     0x1fff0e64    0x50  xfiles.o [3]
    .bss               zero     0x1fff0eb4     0x1  main.o [1]
    .bss               zero     0x1fff0eb5     0x1  main.o [1]
  P2 s0                         0x1fff0eb8    0x88  <Init block>
    __DLIB_PERTHREAD   inited   0x1fff0eb8    0x88  localeconv.o [3]
                              - 0x1fff0f40   0xb30


*******************************************************************************
*** INIT TABLE
***

          Address     Size
          -------     ----
Zero (__iar_zero_init3)
    1 destination range, total size 0xae:
          0x1fff0e08  0xae



*******************************************************************************
*** MODULE SUMMARY
***

    Module                 ro code  rw code  ro data  rw data
    ------                 -------  -------  -------  -------
E:\znc\project\K60FN\network_car_scale\Prj\IAR\FN15_Debug\Obj: [1]
    MK60_PIT.o                 124                56
    MK60_SysTick.o             100                60
    MK60_conf.o                320             1 951    1 800
    MK60_flash.o                        400      456
    MK60_ftm.o               1 524                72       32
    MK60_gpio.o                296                76       20
    MK60_mcg.o                 980       80      172       92
    MK60_port.o                176                20       20
    MK60_uart.o                708                80       24
    MK60_wdog.o                 64
    VCAN_LED.o                 112                 4        4
    VCAN_key.o                 156                 8        8
    main.o                      48                 1        3
    misc.o                      80                52
    startup_MK60DZ10.o           8
    system_MK60DZ10.o          320                         12
    vectors.o                                  1 040
    xb_control.o               872                 4       68
    xb_init.o                  220
    ---------------------------------------------------------
    Total:                   6 108      480    4 052    2 083

command line: [2]
    ---------------------------------------------------------
    Total:

dl7M_tlf.a: [3]
    div.o                       14
    exit.o                       4
    localeconv.o               108               136      136
    low_level_init.o             4
    printf.o                    36
    putchar.o                   12
    xfiles.o                                      64      144
    xprintflarge_nomb.o      3 054
    xprout.o                    22
    xtls.o                       2
    ---------------------------------------------------------
    Total:                   3 256               200      280

m7M_tlv.a: [4]
    DblAdd.o                   232
    DblCmpLe.o                  46
    DblDiv.o                   582
    DblMul.o                   418
    DblSub.o                   384
    DblToFlt.o                 144
    DblToI32.o                  44
    I32ToDbl.o                  48
    fpinit_M.o                  26
    xdnorm.o                    66
    ---------------------------------------------------------
    Total:                   1 990

rt7M_tl.a: [5]
    ABImemcpy_unaligned.o      118
    I64DivMod.o                238
    I64DivZer.o                  2
    XXexit.o                    12
    cexit.o                     10
    cmain.o                     26
    cstartup_M.o                12
    data_init.o                 40
    memchr.o                    88
    strchr.o                    22
    strlen.o                    54
    zero_init3.o                34
    ---------------------------------------------------------
    Total:                     656

    Gaps                        24                          3
    Linker created              24       16       32
-------------------------------------------------------------
    Grand Total:            12 058      496    4 284    2 366


*******************************************************************************
*** ENTRY LIST
***

Entry                      Address   Size  Type      Object
-----                      -------   ----  ----      ------
.bss$$Base              0x1fff0e08          --   Gb  - Linker created -
.bss$$Limit             0x1fff0eb6          --   Gb  - Linker created -
.data$$Base             0x1fff0410          --   Gb  - Linker created -
.data$$Limit            0x1fff0c18          --   Gb  - Linker created -
.data_init$$Base        0x000019dc          --   Gb  - Linker created -
.data_init$$Limit       0x000021e4          --   Gb  - Linker created -
?main                   0x00003ed1         Code  Gb  cmain.o [5]
ASSERT_FAILED_STR       0x00003e60   0x24  Data  Gb  MK60_conf.o [1]
CodeRelocate$$Base      0x0000372c          --   Gb  - Linker created -
CodeRelocate$$Limit     0x0000391c          --   Gb  - Linker created -
CodeRelocateRam$$Base   0x1fff0c18          --   Gb  - Linker created -
CodeRelocateRam$$Limit  0x1fff0e08          --   Gb  - Linker created -
DIAN_PID                0x000033b9  0x228  Code  Gb  xb_control.o [1]
DIAN_PID_PWM_L1         0x1fff0e54    0x4  Data  Gb  xb_control.o [1]
DIAN_PID_PWM_L2         0x1fff0e58    0x4  Data  Gb  xb_control.o [1]
DIAN_PID_PWM_R1         0x1fff0e5c    0x4  Data  Gb  xb_control.o [1]
DIAN_PID_PWM_R2         0x1fff0e60    0x4  Data  Gb  xb_control.o [1]
DUO_PID_PWM             0x1fff0bd4    0x4  Data  Gb  xb_control.o [1]
D_control               0x00003335   0x4e  Code  Gb  xb_control.o [1]
FTMN                    0x1fff0b1c   0x10  Data  Gb  MK60_ftm.o [1]
FTM_port_mux            0x000021e5  0x1ac  Code  Lc  MK60_ftm.o [1]
GPIOX                   0x1fff0b2c   0x14  Data  Gb  MK60_gpio.o [1]
INIT                    0x00003bc3    0xc  Code  Gb  xb_init.o [1]
KEY_PTxn                0x1fff0bc8    0x8  Data  Gb  VCAN_key.o [1]
LED_PTxn                0x1fff0bd0    0x4  Data  Gb  VCAN_LED.o [1]
LoadInt                 0x00000995   0x6e  Code  Lc  xprintflarge_nomb.o [3]
NVIC_EnableIRQ          0x00002ad1   0x16  Code  Lc  MK60_uart.o [1]
NVIC_EnableIRQ          0x00003b1d   0x14  Code  Lc  xb_init.o [1]
NVIC_SystemReset        0x00002899   0x1a  Code  Lc  MK60_conf.o [1]
PORTX                   0x1fff0b9c   0x14  Data  Gb  MK60_port.o [1]
PWM_control             0x00003383   0x34  Code  Gb  xb_control.o [1]
Region$$Table$$Base     0x00003e84          --   Gb  - Linker created -
Region$$Table$$Limit    0x00003e94          --   Gb  - Linker created -
Reset_Handler           0x00000411         Code  Gb  startup_MK60DZ10.o [1]
UARTN                   0x1fff0bb0   0x18  Data  Gb  MK60_uart.o [1]
_GenldLargeNoMb         0x00000d89  0x236  Code  Lc  xprintflarge_nomb.o [3]
_LdtobLargeNoMb         0x00000b09  0x27a  Code  Lc  xprintflarge_nomb.o [3]
_LitobLargeNoMb         0x00000a03  0x106  Code  Lc  xprintflarge_nomb.o [3]
_Locale_aeabi_lconv     0x1fff0f08   0x38  Data  Gb  localeconv.o [3]
_Locale_lconv           0x1fff0eb8   0x50  Data  Gb  localeconv.o [3]
_PrintfLargeNoMb        0x00000419  0x576  Code  Gb  xprintflarge_nomb.o [3]
_Prout                  0x00003f0d   0x16  Code  Gb  xprout.o [3]
_PutcharsLargeNoMb      0x00000fbf   0x2e  Code  Lc  xprintflarge_nomb.o [3]
__BOOT_STACK_ADDRESS {Abs}
                        0x2000fff8          --   Gb  command line/config [2]
__VECTOR_RAM {Abs}      0x1fff0000          --   Gb  command line/config [2]
__VECTOR_TABLE {Abs}    0x00000000          --   Gb  command line/config [2]
__aeabi_cdcmple         0x00001279         Code  Gb  DblCmpLe.o [4]
__aeabi_d2f             0x0000369d         Code  Gb  DblToFlt.o [4]
__aeabi_d2uiz           0x00001695         Code  Gb  DblToI32.o [4]
__aeabi_dadd            0x000018f1         Code  Gb  DblAdd.o [4]
__aeabi_ddiv            0x0000144d         Code  Gb  DblDiv.o [4]
__aeabi_dmul            0x000012a9         Code  Gb  DblMul.o [4]
__aeabi_dsub            0x000016f1         Code  Gb  DblSub.o [4]
__aeabi_i2d             0x000016c1         Code  Gb  I32ToDbl.o [4]
__aeabi_ldiv0           0x000018ed         Code  Gb  I64DivZer.o [5]
__aeabi_ui2d            0x000016d5         Code  Gb  I32ToDbl.o [4]
__aeabi_uldivmod        0x000010d1         Code  Gb  I64DivMod.o [5]
__as_entries_start      0xffffffff          --   Gb  command line/config [2]
__as_table_start        0xffffffff          --   Gb  command line/config [2]
__cmain                 0x00003ed1         Code  Gb  cmain.o [5]
__code_start__ {Abs}    0x00000410          --   Gb  command line/config [2]
__exit                  0x00003f01         Code  Gb  XXexit.o [5]
__iar_Dnorm             0x00001237   0x42  Code  Gb  xdnorm.o [4]
__iar_Locale_lconv_init
                        0x00001871   0x3a  Code  Gb  localeconv.o [3]
__iar_Memchr            0x00001079         Code  Gb  memchr.o [5]
__iar_Stdout            0x1fff0bd8   0x40  Data  Gb  xfiles.o [3]
__iar_Strchr            0x00001029         Code  Gb  strchr.o [5]
__iar_d2uiz             0x000016a1         Code  Gb  DblToI32.o [4]
__iar_dadd              0x00001905         Code  Gb  DblAdd.o [4]
__iar_data_init3        0x00003e39   0x28  Code  Gb  data_init.o [5]
__iar_dlib_perthread_access
                        0x000019d9    0x2  Code  Gb  xtls.o [3]
__iar_dsub              0x00001705         Code  Gb  DblSub.o [4]
__iar_dsubStart         0x00001717         Code  Gb  DblSub.o [4]
__iar_init_vfp          0x00003eb5         Code  Gb  fpinit_M.o [4]
__iar_program_start     0x00003f45         Code  Gb  cstartup_M.o [5]
__iar_ui2d              0x000016d9         Code  Gb  I32ToDbl.o [4]
__iar_unaligned___aeabi_memcpy
                        0x000011c1         Code  Gb  ABImemcpy_unaligned.o [5]
__iar_unaligned___aeabi_memcpy4
                        0x000011e1         Code  Gb  ABImemcpy_unaligned.o [5]
__iar_unaligned___aeabi_memcpy8
                        0x000011e1         Code  Gb  ABImemcpy_unaligned.o [5]
__iar_zero_init3        0x00001007   0x22  Code  Gb  zero_init3.o [5]
__low_level_init        0x00003eeb    0x4  Code  Gb  low_level_init.o [3]
__vector_table          0x00000000  0x410  Data  Gb  vectors.o [1]
_call_main              0x00003edd         Code  Gb  cmain.o [5]
_exit                   0x00003ef5         Code  Gb  cexit.o [5]
_main                   0x00003ee7         Code  Gb  cmain.o [5]
assert_failed           0x000028b3   0x26  Code  Gb  MK60_conf.o [1]
bus_clk_khz             0x1fff0e20    0x4  Data  Gb  system_MK60DZ10.o [1]
common_startup          0x00003987   0x98  Code  Gb  system_MK60DZ10.o [1]
control                 0x00003619   0x18  Code  Gb  xb_control.o [1]
core_clk_khz            0x1fff0e18    0x4  Data  Gb  system_MK60DZ10.o [1]
core_clk_mhz            0x1fff0e1c    0x4  Data  Gb  system_MK60DZ10.o [1]
d_temp_PID_L            0x1fff0e40    0x4  Data  Gb  xb_control.o [1]
d_temp_PID_R            0x1fff0e50    0x4  Data  Gb  xb_control.o [1]
default_isr             0x00002987   0x30  Code  Gb  MK60_conf.o [1]
div                     0x000018dd    0xe  Code  Gb  div.o [3]
exit                    0x00003eef    0x4  Code  Gb  exit.o [3]
flash_cmd               0x1fff0c29   0x20  Code  Gb  MK60_flash.o [1]
flash_erase_sector      0x1fff0c6d   0x5c  Code  Gb  MK60_flash.o [1]
flash_init              0x1fff0c49   0x24  Code  Gb  MK60_flash.o [1]
flash_write             0x1fff0cc9   0xb4  Code  Gb  MK60_flash.o [1]
fputc                   0x000028d9   0x14  Code  Gb  MK60_conf.o [1]
ftm_mod                 0x1fff0e08   0x10  Data  Lc  MK60_ftm.o [1]
ftm_pwm_duty            0x0000253f  0x126  Code  Gb  MK60_ftm.o [1]
ftm_pwm_init            0x00002391  0x1ae  Code  Gb  MK60_ftm.o [1]
ftm_quad_clean          0x00002797   0x28  Code  Gb  MK60_ftm.o [1]
ftm_quad_get            0x0000276b   0x2c  Code  Gb  MK60_ftm.o [1]
ftm_quad_init           0x00002665  0x106  Code  Gb  MK60_ftm.o [1]
gpio_get                0x00002f17   0x3a  Code  Gb  MK60_gpio.o [1]
gpio_init               0x00002e31   0xae  Code  Gb  MK60_gpio.o [1]
gpio_turn               0x00002edf   0x38  Code  Gb  MK60_gpio.o [1]
impulseL0               0x1fff0e24    0x4  Data  Gb  xb_control.o [1]
impulseR0               0x1fff0e28    0x4  Data  Gb  xb_control.o [1]
impulse_L               0x1fff0e2c    0x4  Data  Gb  xb_control.o [1]
impulse_R               0x1fff0e30    0x4  Data  Gb  xb_control.o [1]
interrupt_init          0x00003b87   0x3c  Code  Gb  xb_init.o [1]
key_check               0x00002e01   0x2a  Code  Gb  VCAN_key.o [1]
key_get                 0x00002de7   0x1a  Code  Gb  VCAN_key.o [1]
key_init                0x00002d95   0x52  Code  Gb  VCAN_key.o [1]
led_init                0x000029d9   0x3a  Code  Gb  VCAN_LED.o [1]
led_turn                0x00002a13   0x32  Code  Gb  VCAN_LED.o [1]
localeconv              0x000018ab   0x16  Code  Gb  localeconv.o [3]
main                    0x00003a9d   0x18  Code  Gb  main.o [1]
mcg_cfg                 0x1fff0b40   0x58  Data  Gb  MK60_mcg.o [1]
mcg_div                 0x1fff0b98    0x4  Data  Gb  MK60_mcg.o [1]
mcg_div_count           0x00002f61  0x304  Code  Gb  MK60_mcg.o [1]
memchr                  0x00001079         Code  Gb  memchr.o [5]
obuf                    0x1fff0e64   0x50  Data  Lc  xfiles.o [3]
param                   0x1fff0eb5    0x1  Data  Gb  main.o [1]
pit_init                0x00003bf9   0x6c  Code  Gb  MK60_PIT.o [1]
pll_init                0x00003265   0xb2  Code  Gb  MK60_mcg.o [1]
port_init               0x000027d9   0x44  Code  Gb  MK60_port.o [1]
port_init_NoALT         0x0000281d   0x62  Code  Gb  MK60_port.o [1]
printf                  0x00002a49   0x24  Code  Gb  printf.o [3]
putchar                 0x00003f25    0xc  Code  Gb  putchar.o [3]
receive_change          0x00003ab5    0xc  Code  Gb  main.o [1]
recevie                 0x00003bd1   0x16  Code  Gb  xb_init.o [1]
recevie_date            0x1fff0410    0x1  Data  Gb  main.o [1]
set_sys_dividers        0x1fff0db9   0x50  Code  Gb  MK60_mcg.o [1]
set_vector_handler      0x00003aef   0x22  Code  Gb  misc.o [1]
start                   0x0000391d   0x2e  Code  Gb  system_MK60DZ10.o [1]
start_check             0x000028ed   0x9a  Code  Gb  MK60_conf.o [1]
strchr                  0x00001029         Code  Gb  strchr.o [5]
strlen                  0x00001041         Code  Gb  strlen.o [5]
sysinit                 0x0000394b   0x3c  Code  Gb  system_MK60DZ10.o [1]
systick_delay           0x00002a6d   0x36  Code  Gb  MK60_SysTick.o [1]
systick_delay_ms        0x00002aa3   0x18  Code  Gb  MK60_SysTick.o [1]
temp                    0x1fff0eb4    0x1  Data  Gb  main.o [1]
uart_getchar            0x00002cff   0x1e  Code  Gb  MK60_uart.o [1]
uart_init               0x00002ae7  0x218  Code  Gb  MK60_uart.o [1]
uart_putchar            0x00002d1d   0x1a  Code  Gb  MK60_uart.o [1]
uart_query              0x00002d37   0x18  Code  Gb  MK60_uart.o [1]
uart_rx_irq_en          0x00002d4f   0x2a  Code  Gb  MK60_uart.o [1]
value1L                 0x1fff0e34    0x4  Data  Gb  xb_control.o [1]
value1R                 0x1fff0e44    0x4  Data  Gb  xb_control.o [1]
value2L                 0x1fff0e38    0x4  Data  Gb  xb_control.o [1]
value2R                 0x1fff0e48    0x4  Data  Gb  xb_control.o [1]
value3L                 0x1fff0e3c    0x4  Data  Gb  xb_control.o [1]
value3R                 0x1fff0e4c    0x4  Data  Gb  xb_control.o [1]
vector_str              0x1fff0414  0x708  Data  Gb  MK60_conf.o [1]
wdog_disable            0x00003a5d   0x16  Code  Gb  MK60_wdog.o [1]
wdog_unlock             0x00003a73   0x20  Code  Lc  MK60_wdog.o [1]
write_vtor              0x00003acd   0x22  Code  Gb  misc.o [1]
xb_ftm_init             0x00003b31   0x56  Code  Gb  xb_init.o [1]
xb_get_impulse          0x000035e1   0x32  Code  Gb  xb_control.o [1]


[1] = E:\znc\project\K60FN\network_car_scale\Prj\IAR\FN15_Debug\Obj
[2] = command line
[3] = dl7M_tlf.a
[4] = m7M_tlv.a
[5] = rt7M_tl.a

  12 058 bytes of readonly  code memory
     496 bytes of readwrite code memory
   4 284 bytes of readonly  data memory
   2 366 bytes of readwrite data memory

Errors: none
Warnings: none
